>>> dir(f)
['_Generator__config', '_Generator__format_token', '__class__', '__delattr__', '__dict__', '__dir__', '__doc__', '__eq__', '__format__', '__ge__', '__getattribute__', '__gt__', '__hash__', '__init__', '__le__', '__lt__', '__module__', '__ne__', '__new__', '__reduce__', '__reduce_ex__', '__repr__', '__setattr__', '__sizeof__', '__str__', '__subclasshook__', '__weakref__', 'add_provider', 'address', 'am_pm', 'binary', 'boolean', 'bothify', 'bs', 'building_number', 'catch_phrase', 'century', 'chrome', 'city', 'city_prefix', 'city_suffix', 'color_name', 'company', 'company_email', 'company_suffix', 'country', 'country_code', 'credit_card_expire', 'credit_card_full', 'credit_card_number', 'credit_card_provider', 'credit_card_security_code', 'cryptocurrency_code', 'currency_code', 'date', 'date_object', 'date_time', 'date_time_ad', 'date_time_between', 'date_time_between_dates', 'date_time_this_century', 'date_time_this_decade', 'date_time_this_month', 'date_time_this_year', 'day_of_month', 'day_of_week', 'domain_name', 'domain_word', 'ean', 'ean13', 'ean8', 'email', 'file_extension', 'file_name', 'file_path', 'firefox', 'first_name', 'first_name_female', 'first_name_male', 'format', 'free_email', 'free_email_domain', 'future_date', 'future_datetime', 'geo_coordinate', 'get_formatter', 'get_providers', 'hex_color', 'image_url', 'internet_explorer', 'ipv4', 'ipv6', 'isbn10', 'isbn13', 'iso8601', 'job', 'language_code', 'last_name', 'last_name_female', 'last_name_male', 'latitude', 'lexify', 'license_plate', 'linux_platform_token', 'linux_processor', 'locale', 'longitude', 'mac_address', 'mac_platform_token', 'mac_processor', 'md5', 'military_apo', 'military_dpo', 'military_ship', 'military_state', 'mime_type', 'month', 'month_name', 'name', 'name_female', 'name_male', 'null_boolean', 'numerify', 'opera', 'paragraph', 'paragraphs', 'parse', 'password', 'past_date', 'past_datetime', 'phone_number', 'postalcode', 'postalcode_plus4', 'postcode', 'prefix', 'prefix_female', 'prefix_male', 'profile', 'provider', 'providers', 'pybool', 'pydecimal', 'pydict', 'pyfloat', 'pyint', 'pyiterable', 'pylist', 'pyset', 'pystr', 'pystruct', 'pytuple', 'random', 'random_digit', 'random_digit_not_null', 'random_digit_not_null_or_empty', 'random_digit_or_empty', 'random_element', 'random_int', 'random_letter', 'random_number', 'random_sample', 'random_sample_unique', 'randomize_nb_elements', 'rgb_color', 'rgb_css_color', 'safari', 'safe_color_name', 'safe_email', 'safe_hex_color', 'secondary_address', 'seed', 'sentence', 'sentences', 'set_formatter', 'sha1', 'sha256', 'simple_profile', 'slug', 'ssn', 'state', 'state_abbr', 'street_address', 'street_name', 'street_suffix', 'suffix', 'suffix_female', 'suffix_male', 'text', 'time', 'time_delta', 'time_object', 'timezone', 'tld', 'unix_time', 'uri', 'uri_extension', 'uri_page', 'uri_path', 'url', 'user_agent', 'user_name', 'uuid4', 'windows_platform_token', 'word', 'words', 'year', 'zipcode', 'zipcode_plus4']
>>> f.text()
'Corporis quod iusto quaerat blanditiis sunt. Tenetur consectetur officia voluptatibus deleniti quam quisquam. Aperiam rem commodi veniam labore magnam.'
>>> f.text()
'Perferendis consequuntur officiis incidunt quae placeat sint porro. Provident incidunt possimus explicabo sit optio. Quam beatae officiis aliquid. Dignissimos debitis eaque veniam mollitia.'
>>> f.text()
'Itaque tempore debitis minima totam ex. Nobis sapiente cumque repellendus. Porro nemo blanditiis impedit quam. Esse voluptatibus nostrum error veniam.'
>>> f.text()
'Asperiores excepturi laudantium expedita odio odit. Odit quos magni enim amet distinctio tempore omnis nesciunt. Dicta sint inventore quo alias. Ex laboriosam beatae esse quas aut labore.'
>>> f.text()
'Adipisci labore quam eos eius ratione eum ipsa. Maxime quos maiores earum necessitatibus quaerat eaque harum. Aperiam corrupti odio ullam ex nisi. Natus velit alias placeat veniam culpa odit quis.'
>>> f.text()
'Optio veniam commodi laborum est quam. Debitis accusantium magnam velit veniam esse voluptatum vero cum. Similique pariatur incidunt iste repudiandae quis excepturi architecto.'
>>> f.text()
'Amet numquam sunt laborum provident illo consequatur in. Aspernatur corporis esse sapiente excepturi debitis. Iste quis quae quam vero magni. Eaque provident rerum fugit eos quis dicta.'
>>> f.text()
'Architecto hic reiciendis porro minima suscipit repellendus. Sunt sit aliquam quos natus eius. Numquam pariatur earum nostrum eveniet fugiat labore.'
>>> f.text()
'Eveniet quod nihil tempore vitae. Dicta alias maiores reiciendis fuga debitis neque laborum. Iste ipsum sit aliquam amet repudiandae. Ad reprehenderit porro cum aliquid assumenda mollitia.'
>>> f.text()
'Sit quae nam ullam. Magni libero sunt voluptas beatae ut nesciunt. Reprehenderit adipisci placeat quo reprehenderit modi illo quibusdam.'
>>> f.text()
'Nam accusantium culpa natus sit. Repudiandae totam temporibus nostrum at error. Saepe asperiores ab repellendus reiciendis.'
>>> f.text()
'Numquam dolores aliquam vitae cumque ratione dolorem optio nulla. Facilis similique hic suscipit maiores cumque ea atque totam. Tenetur ratione officiis laudantium.'
>>> f.text()
'Culpa odio dolore nemo necessitatibus. Voluptate quas facere iure expedita.'
>>> dir(f)
['_Generator__config', '_Generator__format_token', '__class__', '__delattr__', '__dict__', '__dir__', '__doc__', '__eq__', '__format__', '__ge__', '__getattribute__', '__gt__', '__hash__', '__init__', '__le__', '__lt__', '__module__', '__ne__', '__new__', '__reduce__', '__reduce_ex__', '__repr__', '__setattr__', '__sizeof__', '__str__', '__subclasshook__', '__weakref__', 'add_provider', 'address', 'am_pm', 'binary', 'boolean', 'bothify', 'bs', 'building_number', 'catch_phrase', 'century', 'chrome', 'city', 'city_prefix', 'city_suffix', 'color_name', 'company', 'company_email', 'company_suffix', 'country', 'country_code', 'credit_card_expire', 'credit_card_full', 'credit_card_number', 'credit_card_provider', 'credit_card_security_code', 'cryptocurrency_code', 'currency_code', 'date', 'date_object', 'date_time', 'date_time_ad', 'date_time_between', 'date_time_between_dates', 'date_time_this_century', 'date_time_this_decade', 'date_time_this_month', 'date_time_this_year', 'day_of_month', 'day_of_week', 'domain_name', 'domain_word', 'ean', 'ean13', 'ean8', 'email', 'file_extension', 'file_name', 'file_path', 'firefox', 'first_name', 'first_name_female', 'first_name_male', 'format', 'free_email', 'free_email_domain', 'future_date', 'future_datetime', 'geo_coordinate', 'get_formatter', 'get_providers', 'hex_color', 'image_url', 'internet_explorer', 'ipv4', 'ipv6', 'isbn10', 'isbn13', 'iso8601', 'job', 'language_code', 'last_name', 'last_name_female', 'last_name_male', 'latitude', 'lexify', 'license_plate', 'linux_platform_token', 'linux_processor', 'locale', 'longitude', 'mac_address', 'mac_platform_token', 'mac_processor', 'md5', 'military_apo', 'military_dpo', 'military_ship', 'military_state', 'mime_type', 'month', 'month_name', 'name', 'name_female', 'name_male', 'null_boolean', 'numerify', 'opera', 'paragraph', 'paragraphs', 'parse', 'password', 'past_date', 'past_datetime', 'phone_number', 'postalcode', 'postalcode_plus4', 'postcode', 'prefix', 'prefix_female', 'prefix_male', 'profile', 'provider', 'providers', 'pybool', 'pydecimal', 'pydict', 'pyfloat', 'pyint', 'pyiterable', 'pylist', 'pyset', 'pystr', 'pystruct', 'pytuple', 'random', 'random_digit', 'random_digit_not_null', 'random_digit_not_null_or_empty', 'random_digit_or_empty', 'random_element', 'random_int', 'random_letter', 'random_number', 'random_sample', 'random_sample_unique', 'randomize_nb_elements', 'rgb_color', 'rgb_css_color', 'safari', 'safe_color_name', 'safe_email', 'safe_hex_color', 'secondary_address', 'seed', 'sentence', 'sentences', 'set_formatter', 'sha1', 'sha256', 'simple_profile', 'slug', 'ssn', 'state', 'state_abbr', 'street_address', 'street_name', 'street_suffix', 'suffix', 'suffix_female', 'suffix_male', 'text', 'time', 'time_delta', 'time_object', 'timezone', 'tld', 'unix_time', 'uri', 'uri_extension', 'uri_page', 'uri_path', 'url', 'user_agent', 'user_name', 'uuid4', 'windows_platform_token', 'word', 'words', 'year', 'zipcode', 'zipcode_plus4']
>>> f.text()
'Corporis quod iusto quaerat blanditiis sunt. Tenetur consectetur officia voluptatibus deleniti quam quisquam. Aperiam rem commodi veniam labore magnam.'
>>> f.text()
'Perferendis consequuntur officiis incidunt quae placeat sint porro. Provident incidunt possimus explicabo sit optio. Quam beatae officiis aliquid. Dignissimos debitis eaque veniam mollitia.'
>>> f.text()
'Itaque tempore debitis minima totam ex. Nobis sapiente cumque repellendus. Porro nemo blanditiis impedit quam. Esse voluptatibus nostrum error veniam.'
>>> f.text()
'Asperiores excepturi laudantium expedita odio odit. Odit quos magni enim amet distinctio tempore omnis nesciunt. Dicta sint inventore quo alias. Ex laboriosam beatae esse quas aut labore.'
>>> f.text()
'Adipisci labore quam eos eius ratione eum ipsa. Maxime quos maiores earum necessitatibus quaerat eaque harum. Aperiam corrupti odio ullam ex nisi. Natus velit alias placeat veniam culpa odit quis.'
>>> f.text()
'Optio veniam commodi laborum est quam. Debitis accusantium magnam velit veniam esse voluptatum vero cum. Similique pariatur incidunt iste repudiandae quis excepturi architecto.'
>>> f.text()
'Amet numquam sunt laborum provident illo consequatur in. Aspernatur corporis esse sapiente excepturi debitis. Iste quis quae quam vero magni. Eaque provident rerum fugit eos quis dicta.'
>>> f.text()
'Architecto hic reiciendis porro minima suscipit repellendus. Sunt sit aliquam quos natus eius. Numquam pariatur earum nostrum eveniet fugiat labore.'
>>> f.text()
'Eveniet quod nihil tempore vitae. Dicta alias maiores reiciendis fuga debitis neque laborum. Iste ipsum sit aliquam amet repudiandae. Ad reprehenderit porro cum aliquid assumenda mollitia.'
>>> f.text()
'Sit quae nam ullam. Magni libero sunt voluptas beatae ut nesciunt. Reprehenderit adipisci placeat quo reprehenderit modi illo quibusdam.'
>>> f.text()
'Nam accusantium culpa natus sit. Repudiandae totam temporibus nostrum at error. Saepe asperiores ab repellendus reiciendis.'
>>> f.text()
'Numquam dolores aliquam vitae cumque ratione dolorem optio nulla. Facilis similique hic suscipit maiores cumque ea atque totam. Tenetur ratione officiis laudantium.'
>>> f.text()
'Culpa odio dolore nemo necessitatibus. Voluptate quas facere iure expedita.'>>> dir(f)
['_Generator__config', '_Generator__format_token', '__class__', '__delattr__', '__dict__', '__dir__', '__doc__', '__eq__', '__format__', '__ge__', '__getattribute__', '__gt__', '__hash__', '__init__', '__le__', '__lt__', '__module__', '__ne__', '__new__', '__reduce__', '__reduce_ex__', '__repr__', '__setattr__', '__sizeof__', '__str__', '__subclasshook__', '__weakref__', 'add_provider', 'address', 'am_pm', 'binary', 'boolean', 'bothify', 'bs', 'building_number', 'catch_phrase', 'century', 'chrome', 'city', 'city_prefix', 'city_suffix', 'color_name', 'company', 'company_email', 'company_suffix', 'country', 'country_code', 'credit_card_expire', 'credit_card_full', 'credit_card_number', 'credit_card_provider', 'credit_card_security_code', 'cryptocurrency_code', 'currency_code', 'date', 'date_object', 'date_time', 'date_time_ad', 'date_time_between', 'date_time_between_dates', 'date_time_this_century', 'date_time_this_decade', 'date_time_this_month', 'date_time_this_year', 'day_of_month', 'day_of_week', 'domain_name', 'domain_word', 'ean', 'ean13', 'ean8', 'email', 'file_extension', 'file_name', 'file_path', 'firefox', 'first_name', 'first_name_female', 'first_name_male', 'format', 'free_email', 'free_email_domain', 'future_date', 'future_datetime', 'geo_coordinate', 'get_formatter', 'get_providers', 'hex_color', 'image_url', 'internet_explorer', 'ipv4', 'ipv6', 'isbn10', 'isbn13', 'iso8601', 'job', 'language_code', 'last_name', 'last_name_female', 'last_name_male', 'latitude', 'lexify', 'license_plate', 'linux_platform_token', 'linux_processor', 'locale', 'longitude', 'mac_address', 'mac_platform_token', 'mac_processor', 'md5', 'military_apo', 'military_dpo', 'military_ship', 'military_state', 'mime_type', 'month', 'month_name', 'name', 'name_female', 'name_male', 'null_boolean', 'numerify', 'opera', 'paragraph', 'paragraphs', 'parse', 'password', 'past_date', 'past_datetime', 'phone_number', 'postalcode', 'postalcode_plus4', 'postcode', 'prefix', 'prefix_female', 'prefix_male', 'profile', 'provider', 'providers', 'pybool', 'pydecimal', 'pydict', 'pyfloat', 'pyint', 'pyiterable', 'pylist', 'pyset', 'pystr', 'pystruct', 'pytuple', 'random', 'random_digit', 'random_digit_not_null', 'random_digit_not_null_or_empty', 'random_digit_or_empty', 'random_element', 'random_int', 'random_letter', 'random_number', 'random_sample', 'random_sample_unique', 'randomize_nb_elements', 'rgb_color', 'rgb_css_color', 'safari', 'safe_color_name', 'safe_email', 'safe_hex_color', 'secondary_address', 'seed', 'sentence', 'sentences', 'set_formatter', 'sha1', 'sha256', 'simple_profile', 'slug', 'ssn', 'state', 'state_abbr', 'street_address', 'street_name', 'street_suffix', 'suffix', 'suffix_female', 'suffix_male', 'text', 'time', 'time_delta', 'time_object', 'timezone', 'tld', 'unix_time', 'uri', 'uri_extension', 'uri_page', 'uri_path', 'url', 'user_agent', 'user_name', 'uuid4', 'windows_platform_token', 'word', 'words', 'year', 'zipcode', 'zipcode_plus4']
>>> f.text()
'Corporis quod iusto quaerat blanditiis sunt. Tenetur consectetur officia voluptatibus deleniti quam quisquam. Aperiam rem commodi veniam labore magnam.'
>>> f.text()
'Perferendis consequuntur officiis incidunt quae placeat sint porro. Provident incidunt possimus explicabo sit optio. Quam beatae officiis aliquid. Dignissimos debitis eaque veniam mollitia.'
>>> f.text()
'Itaque tempore debitis minima totam ex. Nobis sapiente cumque repellendus. Porro nemo blanditiis impedit quam. Esse voluptatibus nostrum error veniam.'
>>> f.text()
'Asperiores excepturi laudantium expedita odio odit. Odit quos magni enim amet distinctio tempore omnis nesciunt. Dicta sint inventore quo alias. Ex laboriosam beatae esse quas aut labore.'
>>> f.text()
'Adipisci labore quam eos eius ratione eum ipsa. Maxime quos maiores earum necessitatibus quaerat eaque harum. Aperiam corrupti odio ullam ex nisi. Natus velit alias placeat veniam culpa odit quis.'
>>> f.text()
'Optio veniam commodi laborum est quam. Debitis accusantium magnam velit veniam esse voluptatum vero cum. Similique pariatur incidunt iste repudiandae quis excepturi architecto.'
>>> f.text()
'Amet numquam sunt laborum provident illo consequatur in. Aspernatur corporis esse sapiente excepturi debitis. Iste quis quae quam vero magni. Eaque provident rerum fugit eos quis dicta.'
>>> f.text()
'Architecto hic reiciendis porro minima suscipit repellendus. Sunt sit aliquam quos natus eius. Numquam pariatur earum nostrum eveniet fugiat labore.'
>>> f.text()
'Eveniet quod nihil tempore vitae. Dicta alias maiores reiciendis fuga debitis neque laborum. Iste ipsum sit aliquam amet repudiandae. Ad reprehenderit porro cum aliquid assumenda mollitia.'
>>> f.text()
'Sit quae nam ullam. Magni libero sunt voluptas beatae ut nesciunt. Reprehenderit adipisci placeat quo reprehenderit modi illo quibusdam.'
>>> f.text()
'Nam accusantium culpa natus sit. Repudiandae totam temporibus nostrum at error. Saepe asperiores ab repellendus reiciendis.'
>>> f.text()
'Numquam dolores aliquam vitae cumque ratione dolorem optio nulla. Facilis similique hic suscipit maiores cumque ea atque totam. Tenetur ratione officiis laudantium.'
>>> f.text()
'Culpa odio dolore nemo necessitatibus. Voluptate quas facere iure expedita.'>>> dir(f)
['_Generator__config', '_Generator__format_token', '__class__', '__delattr__', '__dict__', '__dir__', '__doc__', '__eq__', '__format__', '__ge__', '__getattribute__', '__gt__', '__hash__', '__init__', '__le__', '__lt__', '__module__', '__ne__', '__new__', '__reduce__', '__reduce_ex__', '__repr__', '__setattr__', '__sizeof__', '__str__', '__subclasshook__', '__weakref__', 'add_provider', 'address', 'am_pm', 'binary', 'boolean', 'bothify', 'bs', 'building_number', 'catch_phrase', 'century', 'chrome', 'city', 'city_prefix', 'city_suffix', 'color_name', 'company', 'company_email', 'company_suffix', 'country', 'country_code', 'credit_card_expire', 'credit_card_full', 'credit_card_number', 'credit_card_provider', 'credit_card_security_code', 'cryptocurrency_code', 'currency_code', 'date', 'date_object', 'date_time', 'date_time_ad', 'date_time_between', 'date_time_between_dates', 'date_time_this_century', 'date_time_this_decade', 'date_time_this_month', 'date_time_this_year', 'day_of_month', 'day_of_week', 'domain_name', 'domain_word', 'ean', 'ean13', 'ean8', 'email', 'file_extension', 'file_name', 'file_path', 'firefox', 'first_name', 'first_name_female', 'first_name_male', 'format', 'free_email', 'free_email_domain', 'future_date', 'future_datetime', 'geo_coordinate', 'get_formatter', 'get_providers', 'hex_color', 'image_url', 'internet_explorer', 'ipv4', 'ipv6', 'isbn10', 'isbn13', 'iso8601', 'job', 'language_code', 'last_name', 'last_name_female', 'last_name_male', 'latitude', 'lexify', 'license_plate', 'linux_platform_token', 'linux_processor', 'locale', 'longitude', 'mac_address', 'mac_platform_token', 'mac_processor', 'md5', 'military_apo', 'military_dpo', 'military_ship', 'military_state', 'mime_type', 'month', 'month_name', 'name', 'name_female', 'name_male', 'null_boolean', 'numerify', 'opera', 'paragraph', 'paragraphs', 'parse', 'password', 'past_date', 'past_datetime', 'phone_number', 'postalcode', 'postalcode_plus4', 'postcode', 'prefix', 'prefix_female', 'prefix_male', 'profile', 'provider', 'providers', 'pybool', 'pydecimal', 'pydict', 'pyfloat', 'pyint', 'pyiterable', 'pylist', 'pyset', 'pystr', 'pystruct', 'pytuple', 'random', 'random_digit', 'random_digit_not_null', 'random_digit_not_null_or_empty', 'random_digit_or_empty', 'random_element', 'random_int', 'random_letter', 'random_number', 'random_sample', 'random_sample_unique', 'randomize_nb_elements', 'rgb_color', 'rgb_css_color', 'safari', 'safe_color_name', 'safe_email', 'safe_hex_color', 'secondary_address', 'seed', 'sentence', 'sentences', 'set_formatter', 'sha1', 'sha256', 'simple_profile', 'slug', 'ssn', 'state', 'state_abbr', 'street_address', 'street_name', 'street_suffix', 'suffix', 'suffix_female', 'suffix_male', 'text', 'time', 'time_delta', 'time_object', 'timezone', 'tld', 'unix_time', 'uri', 'uri_extension', 'uri_page', 'uri_path', 'url', 'user_agent', 'user_name', 'uuid4', 'windows_platform_token', 'word', 'words', 'year', 'zipcode', 'zipcode_plus4']
>>> f.text()
'Corporis quod iusto quaerat blanditiis sunt. Tenetur consectetur officia voluptatibus deleniti quam quisquam. Aperiam rem commodi veniam labore magnam.'
>>> f.text()
'Perferendis consequuntur officiis incidunt quae placeat sint porro. Provident incidunt possimus explicabo sit optio. Quam beatae officiis aliquid. Dignissimos debitis eaque veniam mollitia.'
>>> f.text()
'Itaque tempore debitis minima totam ex. Nobis sapiente cumque repellendus. Porro nemo blanditiis impedit quam. Esse voluptatibus nostrum error veniam.'
>>> f.text()
'Asperiores excepturi laudantium expedita odio odit. Odit quos magni enim amet distinctio tempore omnis nesciunt. Dicta sint inventore quo alias. Ex laboriosam beatae esse quas aut labore.'
>>> f.text()
'Adipisci labore quam eos eius ratione eum ipsa. Maxime quos maiores earum necessitatibus quaerat eaque harum. Aperiam corrupti odio ullam ex nisi. Natus velit alias placeat veniam culpa odit quis.'
>>> f.text()
'Optio veniam commodi laborum est quam. Debitis accusantium magnam velit veniam esse voluptatum vero cum. Similique pariatur incidunt iste repudiandae quis excepturi architecto.'
>>> f.text()
'Amet numquam sunt laborum provident illo consequatur in. Aspernatur corporis esse sapiente excepturi debitis. Iste quis quae quam vero magni. Eaque provident rerum fugit eos quis dicta.'
>>> f.text()
'Architecto hic reiciendis porro minima suscipit repellendus. Sunt sit aliquam quos natus eius. Numquam pariatur earum nostrum eveniet fugiat labore.'
>>> f.text()
'Eveniet quod nihil tempore vitae. Dicta alias maiores reiciendis fuga debitis neque laborum. Iste ipsum sit aliquam amet repudiandae. Ad reprehenderit porro cum aliquid assumenda mollitia.'
>>> f.text()
'Sit quae nam ullam. Magni libero sunt voluptas beatae ut nesciunt. Reprehenderit adipisci placeat quo reprehenderit modi illo quibusdam.'
>>> f.text()
'Nam accusantium culpa natus sit. Repudiandae totam temporibus nostrum at error. Saepe asperiores ab repellendus reiciendis.'
>>> f.text()
'Numquam dolores aliquam vitae cumque ratione dolorem optio nulla. Facilis similique hic suscipit maiores cumque ea atque totam. Tenetur ratione officiis laudantium.'
>>> f.text()
'Culpa odio dolore nemo necessitatibus. Voluptate quas facere iure expedita.'>>> dir(f)
['_Generator__config', '_Generator__format_token', '__class__', '__delattr__', '__dict__', '__dir__', '__doc__', '__eq__', '__format__', '__ge__', '__getattribute__', '__gt__', '__hash__', '__init__', '__le__', '__lt__', '__module__', '__ne__', '__new__', '__reduce__', '__reduce_ex__', '__repr__', '__setattr__', '__sizeof__', '__str__', '__subclasshook__', '__weakref__', 'add_provider', 'address', 'am_pm', 'binary', 'boolean', 'bothify', 'bs', 'building_number', 'catch_phrase', 'century', 'chrome', 'city', 'city_prefix', 'city_suffix', 'color_name', 'company', 'company_email', 'company_suffix', 'country', 'country_code', 'credit_card_expire', 'credit_card_full', 'credit_card_number', 'credit_card_provider', 'credit_card_security_code', 'cryptocurrency_code', 'currency_code', 'date', 'date_object', 'date_time', 'date_time_ad', 'date_time_between', 'date_time_between_dates', 'date_time_this_century', 'date_time_this_decade', 'date_time_this_month', 'date_time_this_year', 'day_of_month', 'day_of_week', 'domain_name', 'domain_word', 'ean', 'ean13', 'ean8', 'email', 'file_extension', 'file_name', 'file_path', 'firefox', 'first_name', 'first_name_female', 'first_name_male', 'format', 'free_email', 'free_email_domain', 'future_date', 'future_datetime', 'geo_coordinate', 'get_formatter', 'get_providers', 'hex_color', 'image_url', 'internet_explorer', 'ipv4', 'ipv6', 'isbn10', 'isbn13', 'iso8601', 'job', 'language_code', 'last_name', 'last_name_female', 'last_name_male', 'latitude', 'lexify', 'license_plate', 'linux_platform_token', 'linux_processor', 'locale', 'longitude', 'mac_address', 'mac_platform_token', 'mac_processor', 'md5', 'military_apo', 'military_dpo', 'military_ship', 'military_state', 'mime_type', 'month', 'month_name', 'name', 'name_female', 'name_male', 'null_boolean', 'numerify', 'opera', 'paragraph', 'paragraphs', 'parse', 'password', 'past_date', 'past_datetime', 'phone_number', 'postalcode', 'postalcode_plus4', 'postcode', 'prefix', 'prefix_female', 'prefix_male', 'profile', 'provider', 'providers', 'pybool', 'pydecimal', 'pydict', 'pyfloat', 'pyint', 'pyiterable', 'pylist', 'pyset', 'pystr', 'pystruct', 'pytuple', 'random', 'random_digit', 'random_digit_not_null', 'random_digit_not_null_or_empty', 'random_digit_or_empty', 'random_element', 'random_int', 'random_letter', 'random_number', 'random_sample', 'random_sample_unique', 'randomize_nb_elements', 'rgb_color', 'rgb_css_color', 'safari', 'safe_color_name', 'safe_email', 'safe_hex_color', 'secondary_address', 'seed', 'sentence', 'sentences', 'set_formatter', 'sha1', 'sha256', 'simple_profile', 'slug', 'ssn', 'state', 'state_abbr', 'street_address', 'street_name', 'street_suffix', 'suffix', 'suffix_female', 'suffix_male', 'text', 'time', 'time_delta', 'time_object', 'timezone', 'tld', 'unix_time', 'uri', 'uri_extension', 'uri_page', 'uri_path', 'url', 'user_agent', 'user_name', 'uuid4', 'windows_platform_token', 'word', 'words', 'year', 'zipcode', 'zipcode_plus4']
>>> f.text()
'Corporis quod iusto quaerat blanditiis sunt. Tenetur consectetur officia voluptatibus deleniti quam quisquam. Aperiam rem commodi veniam labore magnam.'
>>> f.text()
'Perferendis consequuntur officiis incidunt quae placeat sint porro. Provident incidunt possimus explicabo sit optio. Quam beatae officiis aliquid. Dignissimos debitis eaque veniam mollitia.'
>>> f.text()
'Itaque tempore debitis minima totam ex. Nobis sapiente cumque repellendus. Porro nemo blanditiis impedit quam. Esse voluptatibus nostrum error veniam.'
>>> f.text()
'Asperiores excepturi laudantium expedita odio odit. Odit quos magni enim amet distinctio tempore omnis nesciunt. Dicta sint inventore quo alias. Ex laboriosam beatae esse quas aut labore.'
>>> f.text()
'Adipisci labore quam eos eius ratione eum ipsa. Maxime quos maiores earum necessitatibus quaerat eaque harum. Aperiam corrupti odio ullam ex nisi. Natus velit alias placeat veniam culpa odit quis.'
>>> f.text()
'Optio veniam commodi laborum est quam. Debitis accusantium magnam velit veniam esse voluptatum vero cum. Similique pariatur incidunt iste repudiandae quis excepturi architecto.'
>>> f.text()
'Amet numquam sunt laborum provident illo consequatur in. Aspernatur corporis esse sapiente excepturi debitis. Iste quis quae quam vero magni. Eaque provident rerum fugit eos quis dicta.'
>>> f.text()
'Architecto hic reiciendis porro minima suscipit repellendus. Sunt sit aliquam quos natus eius. Numquam pariatur earum nostrum eveniet fugiat labore.'
>>> f.text()
'Eveniet quod nihil tempore vitae. Dicta alias maiores reiciendis fuga debitis neque laborum. Iste ipsum sit aliquam amet repudiandae. Ad reprehenderit porro cum aliquid assumenda mollitia.'
>>> f.text()
'Sit quae nam ullam. Magni libero sunt voluptas beatae ut nesciunt. Reprehenderit adipisci placeat quo reprehenderit modi illo quibusdam.'
>>> f.text()
'Nam accusantium culpa natus sit. Repudiandae totam temporibus nostrum at error. Saepe asperiores ab repellendus reiciendis.'
>>> f.text()
'Numquam dolores aliquam vitae cumque ratione dolorem optio nulla. Facilis similique hic suscipit maiores cumque ea atque totam. Tenetur ratione officiis laudantium.'
>>> f.text()
'Culpa odio dolore nemo necessitatibus. Voluptate quas facere iure expedita.'>>> dir(f)
['_Generator__config', '_Generator__format_token', '__class__', '__delattr__', '__dict__', '__dir__', '__doc__', '__eq__', '__format__', '__ge__', '__getattribute__', '__gt__', '__hash__', '__init__', '__le__', '__lt__', '__module__', '__ne__', '__new__', '__reduce__', '__reduce_ex__', '__repr__', '__setattr__', '__sizeof__', '__str__', '__subclasshook__', '__weakref__', 'add_provider', 'address', 'am_pm', 'binary', 'boolean', 'bothify', 'bs', 'building_number', 'catch_phrase', 'century', 'chrome', 'city', 'city_prefix', 'city_suffix', 'color_name', 'company', 'company_email', 'company_suffix', 'country', 'country_code', 'credit_card_expire', 'credit_card_full', 'credit_card_number', 'credit_card_provider', 'credit_card_security_code', 'cryptocurrency_code', 'currency_code', 'date', 'date_object', 'date_time', 'date_time_ad', 'date_time_between', 'date_time_between_dates', 'date_time_this_century', 'date_time_this_decade', 'date_time_this_month', 'date_time_this_year', 'day_of_month', 'day_of_week', 'domain_name', 'domain_word', 'ean', 'ean13', 'ean8', 'email', 'file_extension', 'file_name', 'file_path', 'firefox', 'first_name', 'first_name_female', 'first_name_male', 'format', 'free_email', 'free_email_domain', 'future_date', 'future_datetime', 'geo_coordinate', 'get_formatter', 'get_providers', 'hex_color', 'image_url', 'internet_explorer', 'ipv4', 'ipv6', 'isbn10', 'isbn13', 'iso8601', 'job', 'language_code', 'last_name', 'last_name_female', 'last_name_male', 'latitude', 'lexify', 'license_plate', 'linux_platform_token', 'linux_processor', 'locale', 'longitude', 'mac_address', 'mac_platform_token', 'mac_processor', 'md5', 'military_apo', 'military_dpo', 'military_ship', 'military_state', 'mime_type', 'month', 'month_name', 'name', 'name_female', 'name_male', 'null_boolean', 'numerify', 'opera', 'paragraph', 'paragraphs', 'parse', 'password', 'past_date', 'past_datetime', 'phone_number', 'postalcode', 'postalcode_plus4', 'postcode', 'prefix', 'prefix_female', 'prefix_male', 'profile', 'provider', 'providers', 'pybool', 'pydecimal', 'pydict', 'pyfloat', 'pyint', 'pyiterable', 'pylist', 'pyset', 'pystr', 'pystruct', 'pytuple', 'random', 'random_digit', 'random_digit_not_null', 'random_digit_not_null_or_empty', 'random_digit_or_empty', 'random_element', 'random_int', 'random_letter', 'random_number', 'random_sample', 'random_sample_unique', 'randomize_nb_elements', 'rgb_color', 'rgb_css_color', 'safari', 'safe_color_name', 'safe_email', 'safe_hex_color', 'secondary_address', 'seed', 'sentence', 'sentences', 'set_formatter', 'sha1', 'sha256', 'simple_profile', 'slug', 'ssn', 'state', 'state_abbr', 'street_address', 'street_name', 'street_suffix', 'suffix', 'suffix_female', 'suffix_male', 'text', 'time', 'time_delta', 'time_object', 'timezone', 'tld', 'unix_time', 'uri', 'uri_extension', 'uri_page', 'uri_path', 'url', 'user_agent', 'user_name', 'uuid4', 'windows_platform_token', 'word', 'words', 'year', 'zipcode', 'zipcode_plus4']
>>> f.text()
'Corporis quod iusto quaerat blanditiis sunt. Tenetur consectetur officia voluptatibus deleniti quam quisquam. Aperiam rem commodi veniam labore magnam.'
>>> f.text()
'Perferendis consequuntur officiis incidunt quae placeat sint porro. Provident incidunt possimus explicabo sit optio. Quam beatae officiis aliquid. Dignissimos debitis eaque veniam mollitia.'
>>> f.text()
'Itaque tempore debitis minima totam ex. Nobis sapiente cumque repellendus. Porro nemo blanditiis impedit quam. Esse voluptatibus nostrum error veniam.'
>>> f.text()
'Asperiores excepturi laudantium expedita odio odit. Odit quos magni enim amet distinctio tempore omnis nesciunt. Dicta sint inventore quo alias. Ex laboriosam beatae esse quas aut labore.'
>>> f.text()
'Adipisci labore quam eos eius ratione eum ipsa. Maxime quos maiores earum necessitatibus quaerat eaque harum. Aperiam corrupti odio ullam ex nisi. Natus velit alias placeat veniam culpa odit quis.'
>>> f.text()
'Optio veniam commodi laborum est quam. Debitis accusantium magnam velit veniam esse voluptatum vero cum. Similique pariatur incidunt iste repudiandae quis excepturi architecto.'
>>> f.text()
'Amet numquam sunt laborum provident illo consequatur in. Aspernatur corporis esse sapiente excepturi debitis. Iste quis quae quam vero magni. Eaque provident rerum fugit eos quis dicta.'
>>> f.text()
'Architecto hic reiciendis porro minima suscipit repellendus. Sunt sit aliquam quos natus eius. Numquam pariatur earum nostrum eveniet fugiat labore.'
>>> f.text()
'Eveniet quod nihil tempore vitae. Dicta alias maiores reiciendis fuga debitis neque laborum. Iste ipsum sit aliquam amet repudiandae. Ad reprehenderit porro cum aliquid assumenda mollitia.'
>>> f.text()
'Sit quae nam ullam. Magni libero sunt voluptas beatae ut nesciunt. Reprehenderit adipisci placeat quo reprehenderit modi illo quibusdam.'
>>> f.text()
'Nam accusantium culpa natus sit. Repudiandae totam temporibus nostrum at error. Saepe asperiores ab repellendus reiciendis.'
>>> f.text()
'Numquam dolores aliquam vitae cumque ratione dolorem optio nulla. Facilis similique hic suscipit maiores cumque ea atque totam. Tenetur ratione officiis laudantium.'
>>> f.text()
'Culpa odio dolore nemo necessitatibus. Voluptate quas facere iure expedita.'>>> dir(f)
['_Generator__config', '_Generator__format_token', '__class__', '__delattr__', '__dict__', '__dir__', '__doc__', '__eq__', '__format__', '__ge__', '__getattribute__', '__gt__', '__hash__', '__init__', '__le__', '__lt__', '__module__', '__ne__', '__new__', '__reduce__', '__reduce_ex__', '__repr__', '__setattr__', '__sizeof__', '__str__', '__subclasshook__', '__weakref__', 'add_provider', 'address', 'am_pm', 'binary', 'boolean', 'bothify', 'bs', 'building_number', 'catch_phrase', 'century', 'chrome', 'city', 'city_prefix', 'city_suffix', 'color_name', 'company', 'company_email', 'company_suffix', 'country', 'country_code', 'credit_card_expire', 'credit_card_full', 'credit_card_number', 'credit_card_provider', 'credit_card_security_code', 'cryptocurrency_code', 'currency_code', 'date', 'date_object', 'date_time', 'date_time_ad', 'date_time_between', 'date_time_between_dates', 'date_time_this_century', 'date_time_this_decade', 'date_time_this_month', 'date_time_this_year', 'day_of_month', 'day_of_week', 'domain_name', 'domain_word', 'ean', 'ean13', 'ean8', 'email', 'file_extension', 'file_name', 'file_path', 'firefox', 'first_name', 'first_name_female', 'first_name_male', 'format', 'free_email', 'free_email_domain', 'future_date', 'future_datetime', 'geo_coordinate', 'get_formatter', 'get_providers', 'hex_color', 'image_url', 'internet_explorer', 'ipv4', 'ipv6', 'isbn10', 'isbn13', 'iso8601', 'job', 'language_code', 'last_name', 'last_name_female', 'last_name_male', 'latitude', 'lexify', 'license_plate', 'linux_platform_token', 'linux_processor', 'locale', 'longitude', 'mac_address', 'mac_platform_token', 'mac_processor', 'md5', 'military_apo', 'military_dpo', 'military_ship', 'military_state', 'mime_type', 'month', 'month_name', 'name', 'name_female', 'name_male', 'null_boolean', 'numerify', 'opera', 'paragraph', 'paragraphs', 'parse', 'password', 'past_date', 'past_datetime', 'phone_number', 'postalcode', 'postalcode_plus4', 'postcode', 'prefix', 'prefix_female', 'prefix_male', 'profile', 'provider', 'providers', 'pybool', 'pydecimal', 'pydict', 'pyfloat', 'pyint', 'pyiterable', 'pylist', 'pyset', 'pystr', 'pystruct', 'pytuple', 'random', 'random_digit', 'random_digit_not_null', 'random_digit_not_null_or_empty', 'random_digit_or_empty', 'random_element', 'random_int', 'random_letter', 'random_number', 'random_sample', 'random_sample_unique', 'randomize_nb_elements', 'rgb_color', 'rgb_css_color', 'safari', 'safe_color_name', 'safe_email', 'safe_hex_color', 'secondary_address', 'seed', 'sentence', 'sentences', 'set_formatter', 'sha1', 'sha256', 'simple_profile', 'slug', 'ssn', 'state', 'state_abbr', 'street_address', 'street_name', 'street_suffix', 'suffix', 'suffix_female', 'suffix_male', 'text', 'time', 'time_delta', 'time_object', 'timezone', 'tld', 'unix_time', 'uri', 'uri_extension', 'uri_page', 'uri_path', 'url', 'user_agent', 'user_name', 'uuid4', 'windows_platform_token', 'word', 'words', 'year', 'zipcode', 'zipcode_plus4']
>>> f.text()
'Corporis quod iusto quaerat blanditiis sunt. Tenetur consectetur officia voluptatibus deleniti quam quisquam. Aperiam rem commodi veniam labore magnam.'
>>> f.text()
'Perferendis consequuntur officiis incidunt quae placeat sint porro. Provident incidunt possimus explicabo sit optio. Quam beatae officiis aliquid. Dignissimos debitis eaque veniam mollitia.'
>>> f.text()
'Itaque tempore debitis minima totam ex. Nobis sapiente cumque repellendus. Porro nemo blanditiis impedit quam. Esse voluptatibus nostrum error veniam.'
>>> f.text()
'Asperiores excepturi laudantium expedita odio odit. Odit quos magni enim amet distinctio tempore omnis nesciunt. Dicta sint inventore quo alias. Ex laboriosam beatae esse quas aut labore.'
>>> f.text()
'Adipisci labore quam eos eius ratione eum ipsa. Maxime quos maiores earum necessitatibus quaerat eaque harum. Aperiam corrupti odio ullam ex nisi. Natus velit alias placeat veniam culpa odit quis.'
>>> f.text()
'Optio veniam commodi laborum est quam. Debitis accusantium magnam velit veniam esse voluptatum vero cum. Similique pariatur incidunt iste repudiandae quis excepturi architecto.'
>>> f.text()
'Amet numquam sunt laborum provident illo consequatur in. Aspernatur corporis esse sapiente excepturi debitis. Iste quis quae quam vero magni. Eaque provident rerum fugit eos quis dicta.'
>>> f.text()
'Architecto hic reiciendis porro minima suscipit repellendus. Sunt sit aliquam quos natus eius. Numquam pariatur earum nostrum eveniet fugiat labore.'
>>> f.text()
'Eveniet quod nihil tempore vitae. Dicta alias maiores reiciendis fuga debitis neque laborum. Iste ipsum sit aliquam amet repudiandae. Ad reprehenderit porro cum aliquid assumenda mollitia.'
>>> f.text()
'Sit quae nam ullam. Magni libero sunt voluptas beatae ut nesciunt. Reprehenderit adipisci placeat quo reprehenderit modi illo quibusdam.'
>>> f.text()
'Nam accusantium culpa natus sit. Repudiandae totam temporibus nostrum at error. Saepe asperiores ab repellendus reiciendis.'
>>> f.text()
'Numquam dolores aliquam vitae cumque ratione dolorem optio nulla. Facilis similique hic suscipit maiores cumque ea atque totam. Tenetur ratione officiis laudantium.'
>>> f.text()
'Culpa odio dolore nemo necessitatibus. Voluptate quas facere iure expedita.'>>> dir(f)
['_Generator__config', '_Generator__format_token', '__class__', '__delattr__', '__dict__', '__dir__', '__doc__', '__eq__', '__format__', '__ge__', '__getattribute__', '__gt__', '__hash__', '__init__', '__le__', '__lt__', '__module__', '__ne__', '__new__', '__reduce__', '__reduce_ex__', '__repr__', '__setattr__', '__sizeof__', '__str__', '__subclasshook__', '__weakref__', 'add_provider', 'address', 'am_pm', 'binary', 'boolean', 'bothify', 'bs', 'building_number', 'catch_phrase', 'century', 'chrome', 'city', 'city_prefix', 'city_suffix', 'color_name', 'company', 'company_email', 'company_suffix', 'country', 'country_code', 'credit_card_expire', 'credit_card_full', 'credit_card_number', 'credit_card_provider', 'credit_card_security_code', 'cryptocurrency_code', 'currency_code', 'date', 'date_object', 'date_time', 'date_time_ad', 'date_time_between', 'date_time_between_dates', 'date_time_this_century', 'date_time_this_decade', 'date_time_this_month', 'date_time_this_year', 'day_of_month', 'day_of_week', 'domain_name', 'domain_word', 'ean', 'ean13', 'ean8', 'email', 'file_extension', 'file_name', 'file_path', 'firefox', 'first_name', 'first_name_female', 'first_name_male', 'format', 'free_email', 'free_email_domain', 'future_date', 'future_datetime', 'geo_coordinate', 'get_formatter', 'get_providers', 'hex_color', 'image_url', 'internet_explorer', 'ipv4', 'ipv6', 'isbn10', 'isbn13', 'iso8601', 'job', 'language_code', 'last_name', 'last_name_female', 'last_name_male', 'latitude', 'lexify', 'license_plate', 'linux_platform_token', 'linux_processor', 'locale', 'longitude', 'mac_address', 'mac_platform_token', 'mac_processor', 'md5', 'military_apo', 'military_dpo', 'military_ship', 'military_state', 'mime_type', 'month', 'month_name', 'name', 'name_female', 'name_male', 'null_boolean', 'numerify', 'opera', 'paragraph', 'paragraphs', 'parse', 'password', 'past_date', 'past_datetime', 'phone_number', 'postalcode', 'postalcode_plus4', 'postcode', 'prefix', 'prefix_female', 'prefix_male', 'profile', 'provider', 'providers', 'pybool', 'pydecimal', 'pydict', 'pyfloat', 'pyint', 'pyiterable', 'pylist', 'pyset', 'pystr', 'pystruct', 'pytuple', 'random', 'random_digit', 'random_digit_not_null', 'random_digit_not_null_or_empty', 'random_digit_or_empty', 'random_element', 'random_int', 'random_letter', 'random_number', 'random_sample', 'random_sample_unique', 'randomize_nb_elements', 'rgb_color', 'rgb_css_color', 'safari', 'safe_color_name', 'safe_email', 'safe_hex_color', 'secondary_address', 'seed', 'sentence', 'sentences', 'set_formatter', 'sha1', 'sha256', 'simple_profile', 'slug', 'ssn', 'state', 'state_abbr', 'street_address', 'street_name', 'street_suffix', 'suffix', 'suffix_female', 'suffix_male', 'text', 'time', 'time_delta', 'time_object', 'timezone', 'tld', 'unix_time', 'uri', 'uri_extension', 'uri_page', 'uri_path', 'url', 'user_agent', 'user_name', 'uuid4', 'windows_platform_token', 'word', 'words', 'year', 'zipcode', 'zipcode_plus4']
>>> f.text()
'Corporis quod iusto quaerat blanditiis sunt. Tenetur consectetur officia voluptatibus deleniti quam quisquam. Aperiam rem commodi veniam labore magnam.'
>>> f.text()
'Perferendis consequuntur officiis incidunt quae placeat sint porro. Provident incidunt possimus explicabo sit optio. Quam beatae officiis aliquid. Dignissimos debitis eaque veniam mollitia.'
>>> f.text()
'Itaque tempore debitis minima totam ex. Nobis sapiente cumque repellendus. Porro nemo blanditiis impedit quam. Esse voluptatibus nostrum error veniam.'
>>> f.text()
'Asperiores excepturi laudantium expedita odio odit. Odit quos magni enim amet distinctio tempore omnis nesciunt. Dicta sint inventore quo alias. Ex laboriosam beatae esse quas aut labore.'
>>> f.text()
'Adipisci labore quam eos eius ratione eum ipsa. Maxime quos maiores earum necessitatibus quaerat eaque harum. Aperiam corrupti odio ullam ex nisi. Natus velit alias placeat veniam culpa odit quis.'
>>> f.text()
'Optio veniam commodi laborum est quam. Debitis accusantium magnam velit veniam esse voluptatum vero cum. Similique pariatur incidunt iste repudiandae quis excepturi architecto.'
>>> f.text()
'Amet numquam sunt laborum provident illo consequatur in. Aspernatur corporis esse sapiente excepturi debitis. Iste quis quae quam vero magni. Eaque provident rerum fugit eos quis dicta.'
>>> f.text()
'Architecto hic reiciendis porro minima suscipit repellendus. Sunt sit aliquam quos natus eius. Numquam pariatur earum nostrum eveniet fugiat labore.'
>>> f.text()
'Eveniet quod nihil tempore vitae. Dicta alias maiores reiciendis fuga debitis neque laborum. Iste ipsum sit aliquam amet repudiandae. Ad reprehenderit porro cum aliquid assumenda mollitia.'
>>> f.text()
'Sit quae nam ullam. Magni libero sunt voluptas beatae ut nesciunt. Reprehenderit adipisci placeat quo reprehenderit modi illo quibusdam.'
>>> f.text()
'Nam accusantium culpa natus sit. Repudiandae totam temporibus nostrum at error. Saepe asperiores ab repellendus reiciendis.'
>>> f.text()
'Numquam dolores aliquam vitae cumque ratione dolorem optio nulla. Facilis similique hic suscipit maiores cumque ea atque totam. Tenetur ratione officiis laudantium.'
>>> f.text()
'Culpa odio dolore nemo necessitatibus. Voluptate quas facere iure expedita.'>>> dir(f)
['_Generator__config', '_Generator__format_token', '__class__', '__delattr__', '__dict__', '__dir__', '__doc__', '__eq__', '__format__', '__ge__', '__getattribute__', '__gt__', '__hash__', '__init__', '__le__', '__lt__', '__module__', '__ne__', '__new__', '__reduce__', '__reduce_ex__', '__repr__', '__setattr__', '__sizeof__', '__str__', '__subclasshook__', '__weakref__', 'add_provider', 'address', 'am_pm', 'binary', 'boolean', 'bothify', 'bs', 'building_number', 'catch_phrase', 'century', 'chrome', 'city', 'city_prefix', 'city_suffix', 'color_name', 'company', 'company_email', 'company_suffix', 'country', 'country_code', 'credit_card_expire', 'credit_card_full', 'credit_card_number', 'credit_card_provider', 'credit_card_security_code', 'cryptocurrency_code', 'currency_code', 'date', 'date_object', 'date_time', 'date_time_ad', 'date_time_between', 'date_time_between_dates', 'date_time_this_century', 'date_time_this_decade', 'date_time_this_month', 'date_time_this_year', 'day_of_month', 'day_of_week', 'domain_name', 'domain_word', 'ean', 'ean13', 'ean8', 'email', 'file_extension', 'file_name', 'file_path', 'firefox', 'first_name', 'first_name_female', 'first_name_male', 'format', 'free_email', 'free_email_domain', 'future_date', 'future_datetime', 'geo_coordinate', 'get_formatter', 'get_providers', 'hex_color', 'image_url', 'internet_explorer', 'ipv4', 'ipv6', 'isbn10', 'isbn13', 'iso8601', 'job', 'language_code', 'last_name', 'last_name_female', 'last_name_male', 'latitude', 'lexify', 'license_plate', 'linux_platform_token', 'linux_processor', 'locale', 'longitude', 'mac_address', 'mac_platform_token', 'mac_processor', 'md5', 'military_apo', 'military_dpo', 'military_ship', 'military_state', 'mime_type', 'month', 'month_name', 'name', 'name_female', 'name_male', 'null_boolean', 'numerify', 'opera', 'paragraph', 'paragraphs', 'parse', 'password', 'past_date', 'past_datetime', 'phone_number', 'postalcode', 'postalcode_plus4', 'postcode', 'prefix', 'prefix_female', 'prefix_male', 'profile', 'provider', 'providers', 'pybool', 'pydecimal', 'pydict', 'pyfloat', 'pyint', 'pyiterable', 'pylist', 'pyset', 'pystr', 'pystruct', 'pytuple', 'random', 'random_digit', 'random_digit_not_null', 'random_digit_not_null_or_empty', 'random_digit_or_empty', 'random_element', 'random_int', 'random_letter', 'random_number', 'random_sample', 'random_sample_unique', 'randomize_nb_elements', 'rgb_color', 'rgb_css_color', 'safari', 'safe_color_name', 'safe_email', 'safe_hex_color', 'secondary_address', 'seed', 'sentence', 'sentences', 'set_formatter', 'sha1', 'sha256', 'simple_profile', 'slug', 'ssn', 'state', 'state_abbr', 'street_address', 'street_name', 'street_suffix', 'suffix', 'suffix_female', 'suffix_male', 'text', 'time', 'time_delta', 'time_object', 'timezone', 'tld', 'unix_time', 'uri', 'uri_extension', 'uri_page', 'uri_path', 'url', 'user_agent', 'user_name', 'uuid4', 'windows_platform_token', 'word', 'words', 'year', 'zipcode', 'zipcode_plus4']
>>> f.text()
'Corporis quod iusto quaerat blanditiis sunt. Tenetur consectetur officia voluptatibus deleniti quam quisquam. Aperiam rem commodi veniam labore magnam.'
>>> f.text()
'Perferendis consequuntur officiis incidunt quae placeat sint porro. Provident incidunt possimus explicabo sit optio. Quam beatae officiis aliquid. Dignissimos debitis eaque veniam mollitia.'
>>> f.text()
'Itaque tempore debitis minima totam ex. Nobis sapiente cumque repellendus. Porro nemo blanditiis impedit quam. Esse voluptatibus nostrum error veniam.'
>>> f.text()
'Asperiores excepturi laudantium expedita odio odit. Odit quos magni enim amet distinctio tempore omnis nesciunt. Dicta sint inventore quo alias. Ex laboriosam beatae esse quas aut labore.'
>>> f.text()
'Adipisci labore quam eos eius ratione eum ipsa. Maxime quos maiores earum necessitatibus quaerat eaque harum. Aperiam corrupti odio ullam ex nisi. Natus velit alias placeat veniam culpa odit quis.'
>>> f.text()
'Optio veniam commodi laborum est quam. Debitis accusantium magnam velit veniam esse voluptatum vero cum. Similique pariatur incidunt iste repudiandae quis excepturi architecto.'
>>> f.text()
'Amet numquam sunt laborum provident illo consequatur in. Aspernatur corporis esse sapiente excepturi debitis. Iste quis quae quam vero magni. Eaque provident rerum fugit eos quis dicta.'
>>> f.text()
'Architecto hic reiciendis porro minima suscipit repellendus. Sunt sit aliquam quos natus eius. Numquam pariatur earum nostrum eveniet fugiat labore.'
>>> f.text()
'Eveniet quod nihil tempore vitae. Dicta alias maiores reiciendis fuga debitis neque laborum. Iste ipsum sit aliquam amet repudiandae. Ad reprehenderit porro cum aliquid assumenda mollitia.'
>>> f.text()
'Sit quae nam ullam. Magni libero sunt voluptas beatae ut nesciunt. Reprehenderit adipisci placeat quo reprehenderit modi illo quibusdam.'
>>> f.text()
'Nam accusantium culpa natus sit. Repudiandae totam temporibus nostrum at error. Saepe asperiores ab repellendus reiciendis.'
>>> f.text()
'Numquam dolores aliquam vitae cumque ratione dolorem optio nulla. Facilis similique hic suscipit maiores cumque ea atque totam. Tenetur ratione officiis laudantium.'
>>> f.text()
'Culpa odio dolore nemo necessitatibus. Voluptate quas facere iure expedita.'>>> dir(f)
['_Generator__config', '_Generator__format_token', '__class__', '__delattr__', '__dict__', '__dir__', '__doc__', '__eq__', '__format__', '__ge__', '__getattribute__', '__gt__', '__hash__', '__init__', '__le__', '__lt__', '__module__', '__ne__', '__new__', '__reduce__', '__reduce_ex__', '__repr__', '__setattr__', '__sizeof__', '__str__', '__subclasshook__', '__weakref__', 'add_provider', 'address', 'am_pm', 'binary', 'boolean', 'bothify', 'bs', 'building_number', 'catch_phrase', 'century', 'chrome', 'city', 'city_prefix', 'city_suffix', 'color_name', 'company', 'company_email', 'company_suffix', 'country', 'country_code', 'credit_card_expire', 'credit_card_full', 'credit_card_number', 'credit_card_provider', 'credit_card_security_code', 'cryptocurrency_code', 'currency_code', 'date', 'date_object', 'date_time', 'date_time_ad', 'date_time_between', 'date_time_between_dates', 'date_time_this_century', 'date_time_this_decade', 'date_time_this_month', 'date_time_this_year', 'day_of_month', 'day_of_week', 'domain_name', 'domain_word', 'ean', 'ean13', 'ean8', 'email', 'file_extension', 'file_name', 'file_path', 'firefox', 'first_name', 'first_name_female', 'first_name_male', 'format', 'free_email', 'free_email_domain', 'future_date', 'future_datetime', 'geo_coordinate', 'get_formatter', 'get_providers', 'hex_color', 'image_url', 'internet_explorer', 'ipv4', 'ipv6', 'isbn10', 'isbn13', 'iso8601', 'job', 'language_code', 'last_name', 'last_name_female', 'last_name_male', 'latitude', 'lexify', 'license_plate', 'linux_platform_token', 'linux_processor', 'locale', 'longitude', 'mac_address', 'mac_platform_token', 'mac_processor', 'md5', 'military_apo', 'military_dpo', 'military_ship', 'military_state', 'mime_type', 'month', 'month_name', 'name', 'name_female', 'name_male', 'null_boolean', 'numerify', 'opera', 'paragraph', 'paragraphs', 'parse', 'password', 'past_date', 'past_datetime', 'phone_number', 'postalcode', 'postalcode_plus4', 'postcode', 'prefix', 'prefix_female', 'prefix_male', 'profile', 'provider', 'providers', 'pybool', 'pydecimal', 'pydict', 'pyfloat', 'pyint', 'pyiterable', 'pylist', 'pyset', 'pystr', 'pystruct', 'pytuple', 'random', 'random_digit', 'random_digit_not_null', 'random_digit_not_null_or_empty', 'random_digit_or_empty', 'random_element', 'random_int', 'random_letter', 'random_number', 'random_sample', 'random_sample_unique', 'randomize_nb_elements', 'rgb_color', 'rgb_css_color', 'safari', 'safe_color_name', 'safe_email', 'safe_hex_color', 'secondary_address', 'seed', 'sentence', 'sentences', 'set_formatter', 'sha1', 'sha256', 'simple_profile', 'slug', 'ssn', 'state', 'state_abbr', 'street_address', 'street_name', 'street_suffix', 'suffix', 'suffix_female', 'suffix_male', 'text', 'time', 'time_delta', 'time_object', 'timezone', 'tld', 'unix_time', 'uri', 'uri_extension', 'uri_page', 'uri_path', 'url', 'user_agent', 'user_name', 'uuid4', 'windows_platform_token', 'word', 'words', 'year', 'zipcode', 'zipcode_plus4']
>>> f.text()
'Corporis quod iusto quaerat blanditiis sunt. Tenetur consectetur officia voluptatibus deleniti quam quisquam. Aperiam rem commodi veniam labore magnam.'
>>> f.text()
'Perferendis consequuntur officiis incidunt quae placeat sint porro. Provident incidunt possimus explicabo sit optio. Quam beatae officiis aliquid. Dignissimos debitis eaque veniam mollitia.'
>>> f.text()
'Itaque tempore debitis minima totam ex. Nobis sapiente cumque repellendus. Porro nemo blanditiis impedit quam. Esse voluptatibus nostrum error veniam.'
>>> f.text()
'Asperiores excepturi laudantium expedita odio odit. Odit quos magni enim amet distinctio tempore omnis nesciunt. Dicta sint inventore quo alias. Ex laboriosam beatae esse quas aut labore.'
>>> f.text()
'Adipisci labore quam eos eius ratione eum ipsa. Maxime quos maiores earum necessitatibus quaerat eaque harum. Aperiam corrupti odio ullam ex nisi. Natus velit alias placeat veniam culpa odit quis.'
>>> f.text()
'Optio veniam commodi laborum est quam. Debitis accusantium magnam velit veniam esse voluptatum vero cum. Similique pariatur incidunt iste repudiandae quis excepturi architecto.'
>>> f.text()
'Amet numquam sunt laborum provident illo consequatur in. Aspernatur corporis esse sapiente excepturi debitis. Iste quis quae quam vero magni. Eaque provident rerum fugit eos quis dicta.'
>>> f.text()
'Architecto hic reiciendis porro minima suscipit repellendus. Sunt sit aliquam quos natus eius. Numquam pariatur earum nostrum eveniet fugiat labore.'
>>> f.text()
'Eveniet quod nihil tempore vitae. Dicta alias maiores reiciendis fuga debitis neque laborum. Iste ipsum sit aliquam amet repudiandae. Ad reprehenderit porro cum aliquid assumenda mollitia.'
>>> f.text()
'Sit quae nam ullam. Magni libero sunt voluptas beatae ut nesciunt. Reprehenderit adipisci placeat quo reprehenderit modi illo quibusdam.'
>>> f.text()
'Nam accusantium culpa natus sit. Repudiandae totam temporibus nostrum at error. Saepe asperiores ab repellendus reiciendis.'
>>> f.text()
'Numquam dolores aliquam vitae cumque ratione dolorem optio nulla. Facilis similique hic suscipit maiores cumque ea atque totam. Tenetur ratione officiis laudantium.'
>>> f.text()
'Culpa odio dolore nemo necessitatibus. Voluptate quas facere iure expedita.'>>> dir(f)
['_Generator__config', '_Generator__format_token', '__class__', '__delattr__', '__dict__', '__dir__', '__doc__', '__eq__', '__format__', '__ge__', '__getattribute__', '__gt__', '__hash__', '__init__', '__le__', '__lt__', '__module__', '__ne__', '__new__', '__reduce__', '__reduce_ex__', '__repr__', '__setattr__', '__sizeof__', '__str__', '__subclasshook__', '__weakref__', 'add_provider', 'address', 'am_pm', 'binary', 'boolean', 'bothify', 'bs', 'building_number', 'catch_phrase', 'century', 'chrome', 'city', 'city_prefix', 'city_suffix', 'color_name', 'company', 'company_email', 'company_suffix', 'country', 'country_code', 'credit_card_expire', 'credit_card_full', 'credit_card_number', 'credit_card_provider', 'credit_card_security_code', 'cryptocurrency_code', 'currency_code', 'date', 'date_object', 'date_time', 'date_time_ad', 'date_time_between', 'date_time_between_dates', 'date_time_this_century', 'date_time_this_decade', 'date_time_this_month', 'date_time_this_year', 'day_of_month', 'day_of_week', 'domain_name', 'domain_word', 'ean', 'ean13', 'ean8', 'email', 'file_extension', 'file_name', 'file_path', 'firefox', 'first_name', 'first_name_female', 'first_name_male', 'format', 'free_email', 'free_email_domain', 'future_date', 'future_datetime', 'geo_coordinate', 'get_formatter', 'get_providers', 'hex_color', 'image_url', 'internet_explorer', 'ipv4', 'ipv6', 'isbn10', 'isbn13', 'iso8601', 'job', 'language_code', 'last_name', 'last_name_female', 'last_name_male', 'latitude', 'lexify', 'license_plate', 'linux_platform_token', 'linux_processor', 'locale', 'longitude', 'mac_address', 'mac_platform_token', 'mac_processor', 'md5', 'military_apo', 'military_dpo', 'military_ship', 'military_state', 'mime_type', 'month', 'month_name', 'name', 'name_female', 'name_male', 'null_boolean', 'numerify', 'opera', 'paragraph', 'paragraphs', 'parse', 'password', 'past_date', 'past_datetime', 'phone_number', 'postalcode', 'postalcode_plus4', 'postcode', 'prefix', 'prefix_female', 'prefix_male', 'profile', 'provider', 'providers', 'pybool', 'pydecimal', 'pydict', 'pyfloat', 'pyint', 'pyiterable', 'pylist', 'pyset', 'pystr', 'pystruct', 'pytuple', 'random', 'random_digit', 'random_digit_not_null', 'random_digit_not_null_or_empty', 'random_digit_or_empty', 'random_element', 'random_int', 'random_letter', 'random_number', 'random_sample', 'random_sample_unique', 'randomize_nb_elements', 'rgb_color', 'rgb_css_color', 'safari', 'safe_color_name', 'safe_email', 'safe_hex_color', 'secondary_address', 'seed', 'sentence', 'sentences', 'set_formatter', 'sha1', 'sha256', 'simple_profile', 'slug', 'ssn', 'state', 'state_abbr', 'street_address', 'street_name', 'street_suffix', 'suffix', 'suffix_female', 'suffix_male', 'text', 'time', 'time_delta', 'time_object', 'timezone', 'tld', 'unix_time', 'uri', 'uri_extension', 'uri_page', 'uri_path', 'url', 'user_agent', 'user_name', 'uuid4', 'windows_platform_token', 'word', 'words', 'year', 'zipcode', 'zipcode_plus4']
>>> f.text()
'Corporis quod iusto quaerat blanditiis sunt. Tenetur consectetur officia voluptatibus deleniti quam quisquam. Aperiam rem commodi veniam labore magnam.'
>>> f.text()
'Perferendis consequuntur officiis incidunt quae placeat sint porro. Provident incidunt possimus explicabo sit optio. Quam beatae officiis aliquid. Dignissimos debitis eaque veniam mollitia.'
>>> f.text()
'Itaque tempore debitis minima totam ex. Nobis sapiente cumque repellendus. Porro nemo blanditiis impedit quam. Esse voluptatibus nostrum error veniam.'
>>> f.text()
'Asperiores excepturi laudantium expedita odio odit. Odit quos magni enim amet distinctio tempore omnis nesciunt. Dicta sint inventore quo alias. Ex laboriosam beatae esse quas aut labore.'
>>> f.text()
'Adipisci labore quam eos eius ratione eum ipsa. Maxime quos maiores earum necessitatibus quaerat eaque harum. Aperiam corrupti odio ullam ex nisi. Natus velit alias placeat veniam culpa odit quis.'
>>> f.text()
'Optio veniam commodi laborum est quam. Debitis accusantium magnam velit veniam esse voluptatum vero cum. Similique pariatur incidunt iste repudiandae quis excepturi architecto.'
>>> f.text()
'Amet numquam sunt laborum provident illo consequatur in. Aspernatur corporis esse sapiente excepturi debitis. Iste quis quae quam vero magni. Eaque provident rerum fugit eos quis dicta.'
>>> f.text()
'Architecto hic reiciendis porro minima suscipit repellendus. Sunt sit aliquam quos natus eius. Numquam pariatur earum nostrum eveniet fugiat labore.'
>>> f.text()
'Eveniet quod nihil tempore vitae. Dicta alias maiores reiciendis fuga debitis neque laborum. Iste ipsum sit aliquam amet repudiandae. Ad reprehenderit porro cum aliquid assumenda mollitia.'
>>> f.text()
'Sit quae nam ullam. Magni libero sunt voluptas beatae ut nesciunt. Reprehenderit adipisci placeat quo reprehenderit modi illo quibusdam.'
>>> f.text()
'Nam accusantium culpa natus sit. Repudiandae totam temporibus nostrum at error. Saepe asperiores ab repellendus reiciendis.'
>>> f.text()
'Numquam dolores aliquam vitae cumque ratione dolorem optio nulla. Facilis similique hic suscipit maiores cumque ea atque totam. Tenetur ratione officiis laudantium.'
>>> f.text()
'Culpa odio dolore nemo necessitatibus. Voluptate quas facere iure expedita.'>>> dir(f)
['_Generator__config', '_Generator__format_token', '__class__', '__delattr__', '__dict__', '__dir__', '__doc__', '__eq__', '__format__', '__ge__', '__getattribute__', '__gt__', '__hash__', '__init__', '__le__', '__lt__', '__module__', '__ne__', '__new__', '__reduce__', '__reduce_ex__', '__repr__', '__setattr__', '__sizeof__', '__str__', '__subclasshook__', '__weakref__', 'add_provider', 'address', 'am_pm', 'binary', 'boolean', 'bothify', 'bs', 'building_number', 'catch_phrase', 'century', 'chrome', 'city', 'city_prefix', 'city_suffix', 'color_name', 'company', 'company_email', 'company_suffix', 'country', 'country_code', 'credit_card_expire', 'credit_card_full', 'credit_card_number', 'credit_card_provider', 'credit_card_security_code', 'cryptocurrency_code', 'currency_code', 'date', 'date_object', 'date_time', 'date_time_ad', 'date_time_between', 'date_time_between_dates', 'date_time_this_century', 'date_time_this_decade', 'date_time_this_month', 'date_time_this_year', 'day_of_month', 'day_of_week', 'domain_name', 'domain_word', 'ean', 'ean13', 'ean8', 'email', 'file_extension', 'file_name', 'file_path', 'firefox', 'first_name', 'first_name_female', 'first_name_male', 'format', 'free_email', 'free_email_domain', 'future_date', 'future_datetime', 'geo_coordinate', 'get_formatter', 'get_providers', 'hex_color', 'image_url', 'internet_explorer', 'ipv4', 'ipv6', 'isbn10', 'isbn13', 'iso8601', 'job', 'language_code', 'last_name', 'last_name_female', 'last_name_male', 'latitude', 'lexify', 'license_plate', 'linux_platform_token', 'linux_processor', 'locale', 'longitude', 'mac_address', 'mac_platform_token', 'mac_processor', 'md5', 'military_apo', 'military_dpo', 'military_ship', 'military_state', 'mime_type', 'month', 'month_name', 'name', 'name_female', 'name_male', 'null_boolean', 'numerify', 'opera', 'paragraph', 'paragraphs', 'parse', 'password', 'past_date', 'past_datetime', 'phone_number', 'postalcode', 'postalcode_plus4', 'postcode', 'prefix', 'prefix_female', 'prefix_male', 'profile', 'provider', 'providers', 'pybool', 'pydecimal', 'pydict', 'pyfloat', 'pyint', 'pyiterable', 'pylist', 'pyset', 'pystr', 'pystruct', 'pytuple', 'random', 'random_digit', 'random_digit_not_null', 'random_digit_not_null_or_empty', 'random_digit_or_empty', 'random_element', 'random_int', 'random_letter', 'random_number', 'random_sample', 'random_sample_unique', 'randomize_nb_elements', 'rgb_color', 'rgb_css_color', 'safari', 'safe_color_name', 'safe_email', 'safe_hex_color', 'secondary_address', 'seed', 'sentence', 'sentences', 'set_formatter', 'sha1', 'sha256', 'simple_profile', 'slug', 'ssn', 'state', 'state_abbr', 'street_address', 'street_name', 'street_suffix', 'suffix', 'suffix_female', 'suffix_male', 'text', 'time', 'time_delta', 'time_object', 'timezone', 'tld', 'unix_time', 'uri', 'uri_extension', 'uri_page', 'uri_path', 'url', 'user_agent', 'user_name', 'uuid4', 'windows_platform_token', 'word', 'words', 'year', 'zipcode', 'zipcode_plus4']
>>> f.text()
'Corporis quod iusto quaerat blanditiis sunt. Tenetur consectetur officia voluptatibus deleniti quam quisquam. Aperiam rem commodi veniam labore magnam.'
>>> f.text()
'Perferendis consequuntur officiis incidunt quae placeat sint porro. Provident incidunt possimus explicabo sit optio. Quam beatae officiis aliquid. Dignissimos debitis eaque veniam mollitia.'
>>> f.text()
'Itaque tempore debitis minima totam ex. Nobis sapiente cumque repellendus. Porro nemo blanditiis impedit quam. Esse voluptatibus nostrum error veniam.'
>>> f.text()
'Asperiores excepturi laudantium expedita odio odit. Odit quos magni enim amet distinctio tempore omnis nesciunt. Dicta sint inventore quo alias. Ex laboriosam beatae esse quas aut labore.'
>>> f.text()
'Adipisci labore quam eos eius ratione eum ipsa. Maxime quos maiores earum necessitatibus quaerat eaque harum. Aperiam corrupti odio ullam ex nisi. Natus velit alias placeat veniam culpa odit quis.'
>>> f.text()
'Optio veniam commodi laborum est quam. Debitis accusantium magnam velit veniam esse voluptatum vero cum. Similique pariatur incidunt iste repudiandae quis excepturi architecto.'
>>> f.text()
'Amet numquam sunt laborum provident illo consequatur in. Aspernatur corporis esse sapiente excepturi debitis. Iste quis quae quam vero magni. Eaque provident rerum fugit eos quis dicta.'
>>> f.text()
'Architecto hic reiciendis porro minima suscipit repellendus. Sunt sit aliquam quos natus eius. Numquam pariatur earum nostrum eveniet fugiat labore.'
>>> f.text()
'Eveniet quod nihil tempore vitae. Dicta alias maiores reiciendis fuga debitis neque laborum. Iste ipsum sit aliquam amet repudiandae. Ad reprehenderit porro cum aliquid assumenda mollitia.'
>>> f.text()
'Sit quae nam ullam. Magni libero sunt voluptas beatae ut nesciunt. Reprehenderit adipisci placeat quo reprehenderit modi illo quibusdam.'
>>> f.text()
'Nam accusantium culpa natus sit. Repudiandae totam temporibus nostrum at error. Saepe asperiores ab repellendus reiciendis.'
>>> f.text()
'Numquam dolores aliquam vitae cumque ratione dolorem optio nulla. Facilis similique hic suscipit maiores cumque ea atque totam. Tenetur ratione officiis laudantium.'
>>> f.text()
'Culpa odio dolore nemo necessitatibus. Voluptate quas facere iure expedita.'>>> dir(f)
['_Generator__config', '_Generator__format_token', '__class__', '__delattr__', '__dict__', '__dir__', '__doc__', '__eq__', '__format__', '__ge__', '__getattribute__', '__gt__', '__hash__', '__init__', '__le__', '__lt__', '__module__', '__ne__', '__new__', '__reduce__', '__reduce_ex__', '__repr__', '__setattr__', '__sizeof__', '__str__', '__subclasshook__', '__weakref__', 'add_provider', 'address', 'am_pm', 'binary', 'boolean', 'bothify', 'bs', 'building_number', 'catch_phrase', 'century', 'chrome', 'city', 'city_prefix', 'city_suffix', 'color_name', 'company', 'company_email', 'company_suffix', 'country', 'country_code', 'credit_card_expire', 'credit_card_full', 'credit_card_number', 'credit_card_provider', 'credit_card_security_code', 'cryptocurrency_code', 'currency_code', 'date', 'date_object', 'date_time', 'date_time_ad', 'date_time_between', 'date_time_between_dates', 'date_time_this_century', 'date_time_this_decade', 'date_time_this_month', 'date_time_this_year', 'day_of_month', 'day_of_week', 'domain_name', 'domain_word', 'ean', 'ean13', 'ean8', 'email', 'file_extension', 'file_name', 'file_path', 'firefox', 'first_name', 'first_name_female', 'first_name_male', 'format', 'free_email', 'free_email_domain', 'future_date', 'future_datetime', 'geo_coordinate', 'get_formatter', 'get_providers', 'hex_color', 'image_url', 'internet_explorer', 'ipv4', 'ipv6', 'isbn10', 'isbn13', 'iso8601', 'job', 'language_code', 'last_name', 'last_name_female', 'last_name_male', 'latitude', 'lexify', 'license_plate', 'linux_platform_token', 'linux_processor', 'locale', 'longitude', 'mac_address', 'mac_platform_token', 'mac_processor', 'md5', 'military_apo', 'military_dpo', 'military_ship', 'military_state', 'mime_type', 'month', 'month_name', 'name', 'name_female', 'name_male', 'null_boolean', 'numerify', 'opera', 'paragraph', 'paragraphs', 'parse', 'password', 'past_date', 'past_datetime', 'phone_number', 'postalcode', 'postalcode_plus4', 'postcode', 'prefix', 'prefix_female', 'prefix_male', 'profile', 'provider', 'providers', 'pybool', 'pydecimal', 'pydict', 'pyfloat', 'pyint', 'pyiterable', 'pylist', 'pyset', 'pystr', 'pystruct', 'pytuple', 'random', 'random_digit', 'random_digit_not_null', 'random_digit_not_null_or_empty', 'random_digit_or_empty', 'random_element', 'random_int', 'random_letter', 'random_number', 'random_sample', 'random_sample_unique', 'randomize_nb_elements', 'rgb_color', 'rgb_css_color', 'safari', 'safe_color_name', 'safe_email', 'safe_hex_color', 'secondary_address', 'seed', 'sentence', 'sentences', 'set_formatter', 'sha1', 'sha256', 'simple_profile', 'slug', 'ssn', 'state', 'state_abbr', 'street_address', 'street_name', 'street_suffix', 'suffix', 'suffix_female', 'suffix_male', 'text', 'time', 'time_delta', 'time_object', 'timezone', 'tld', 'unix_time', 'uri', 'uri_extension', 'uri_page', 'uri_path', 'url', 'user_agent', 'user_name', 'uuid4', 'windows_platform_token', 'word', 'words', 'year', 'zipcode', 'zipcode_plus4']
>>> f.text()
'Corporis quod iusto quaerat blanditiis sunt. Tenetur consectetur officia voluptatibus deleniti quam quisquam. Aperiam rem commodi veniam labore magnam.'
>>> f.text()
'Perferendis consequuntur officiis incidunt quae placeat sint porro. Provident incidunt possimus explicabo sit optio. Quam beatae officiis aliquid. Dignissimos debitis eaque veniam mollitia.'
>>> f.text()
'Itaque tempore debitis minima totam ex. Nobis sapiente cumque repellendus. Porro nemo blanditiis impedit quam. Esse voluptatibus nostrum error veniam.'
>>> f.text()
'Asperiores excepturi laudantium expedita odio odit. Odit quos magni enim amet distinctio tempore omnis nesciunt. Dicta sint inventore quo alias. Ex laboriosam beatae esse quas aut labore.'
>>> f.text()
'Adipisci labore quam eos eius ratione eum ipsa. Maxime quos maiores earum necessitatibus quaerat eaque harum. Aperiam corrupti odio ullam ex nisi. Natus velit alias placeat veniam culpa odit quis.'
>>> f.text()
'Optio veniam commodi laborum est quam. Debitis accusantium magnam velit veniam esse voluptatum vero cum. Similique pariatur incidunt iste repudiandae quis excepturi architecto.'
>>> f.text()
'Amet numquam sunt laborum provident illo consequatur in. Aspernatur corporis esse sapiente excepturi debitis. Iste quis quae quam vero magni. Eaque provident rerum fugit eos quis dicta.'
>>> f.text()
'Architecto hic reiciendis porro minima suscipit repellendus. Sunt sit aliquam quos natus eius. Numquam pariatur earum nostrum eveniet fugiat labore.'
>>> f.text()
'Eveniet quod nihil tempore vitae. Dicta alias maiores reiciendis fuga debitis neque laborum. Iste ipsum sit aliquam amet repudiandae. Ad reprehenderit porro cum aliquid assumenda mollitia.'
>>> f.text()
'Sit quae nam ullam. Magni libero sunt voluptas beatae ut nesciunt. Reprehenderit adipisci placeat quo reprehenderit modi illo quibusdam.'
>>> f.text()
'Nam accusantium culpa natus sit. Repudiandae totam temporibus nostrum at error. Saepe asperiores ab repellendus reiciendis.'
>>> f.text()
'Numquam dolores aliquam vitae cumque ratione dolorem optio nulla. Facilis similique hic suscipit maiores cumque ea atque totam. Tenetur ratione officiis laudantium.'
>>> f.text()
'Culpa odio dolore nemo necessitatibus. Voluptate quas facere iure expedita.'>>> dir(f)
['_Generator__config', '_Generator__format_token', '__class__', '__delattr__', '__dict__', '__dir__', '__doc__', '__eq__', '__format__', '__ge__', '__getattribute__', '__gt__', '__hash__', '__init__', '__le__', '__lt__', '__module__', '__ne__', '__new__', '__reduce__', '__reduce_ex__', '__repr__', '__setattr__', '__sizeof__', '__str__', '__subclasshook__', '__weakref__', 'add_provider', 'address', 'am_pm', 'binary', 'boolean', 'bothify', 'bs', 'building_number', 'catch_phrase', 'century', 'chrome', 'city', 'city_prefix', 'city_suffix', 'color_name', 'company', 'company_email', 'company_suffix', 'country', 'country_code', 'credit_card_expire', 'credit_card_full', 'credit_card_number', 'credit_card_provider', 'credit_card_security_code', 'cryptocurrency_code', 'currency_code', 'date', 'date_object', 'date_time', 'date_time_ad', 'date_time_between', 'date_time_between_dates', 'date_time_this_century', 'date_time_this_decade', 'date_time_this_month', 'date_time_this_year', 'day_of_month', 'day_of_week', 'domain_name', 'domain_word', 'ean', 'ean13', 'ean8', 'email', 'file_extension', 'file_name', 'file_path', 'firefox', 'first_name', 'first_name_female', 'first_name_male', 'format', 'free_email', 'free_email_domain', 'future_date', 'future_datetime', 'geo_coordinate', 'get_formatter', 'get_providers', 'hex_color', 'image_url', 'internet_explorer', 'ipv4', 'ipv6', 'isbn10', 'isbn13', 'iso8601', 'job', 'language_code', 'last_name', 'last_name_female', 'last_name_male', 'latitude', 'lexify', 'license_plate', 'linux_platform_token', 'linux_processor', 'locale', 'longitude', 'mac_address', 'mac_platform_token', 'mac_processor', 'md5', 'military_apo', 'military_dpo', 'military_ship', 'military_state', 'mime_type', 'month', 'month_name', 'name', 'name_female', 'name_male', 'null_boolean', 'numerify', 'opera', 'paragraph', 'paragraphs', 'parse', 'password', 'past_date', 'past_datetime', 'phone_number', 'postalcode', 'postalcode_plus4', 'postcode', 'prefix', 'prefix_female', 'prefix_male', 'profile', 'provider', 'providers', 'pybool', 'pydecimal', 'pydict', 'pyfloat', 'pyint', 'pyiterable', 'pylist', 'pyset', 'pystr', 'pystruct', 'pytuple', 'random', 'random_digit', 'random_digit_not_null', 'random_digit_not_null_or_empty', 'random_digit_or_empty', 'random_element', 'random_int', 'random_letter', 'random_number', 'random_sample', 'random_sample_unique', 'randomize_nb_elements', 'rgb_color', 'rgb_css_color', 'safari', 'safe_color_name', 'safe_email', 'safe_hex_color', 'secondary_address', 'seed', 'sentence', 'sentences', 'set_formatter', 'sha1', 'sha256', 'simple_profile', 'slug', 'ssn', 'state', 'state_abbr', 'street_address', 'street_name', 'street_suffix', 'suffix', 'suffix_female', 'suffix_male', 'text', 'time', 'time_delta', 'time_object', 'timezone', 'tld', 'unix_time', 'uri', 'uri_extension', 'uri_page', 'uri_path', 'url', 'user_agent', 'user_name', 'uuid4', 'windows_platform_token', 'word', 'words', 'year', 'zipcode', 'zipcode_plus4']
>>> f.text()
'Corporis quod iusto quaerat blanditiis sunt. Tenetur consectetur officia voluptatibus deleniti quam quisquam. Aperiam rem commodi veniam labore magnam.'
>>> f.text()
'Perferendis consequuntur officiis incidunt quae placeat sint porro. Provident incidunt possimus explicabo sit optio. Quam beatae officiis aliquid. Dignissimos debitis eaque veniam mollitia.'
>>> f.text()
'Itaque tempore debitis minima totam ex. Nobis sapiente cumque repellendus. Porro nemo blanditiis impedit quam. Esse voluptatibus nostrum error veniam.'
>>> f.text()
'Asperiores excepturi laudantium expedita odio odit. Odit quos magni enim amet distinctio tempore omnis nesciunt. Dicta sint inventore quo alias. Ex laboriosam beatae esse quas aut labore.'
>>> f.text()
'Adipisci labore quam eos eius ratione eum ipsa. Maxime quos maiores earum necessitatibus quaerat eaque harum. Aperiam corrupti odio ullam ex nisi. Natus velit alias placeat veniam culpa odit quis.'
>>> f.text()
'Optio veniam commodi laborum est quam. Debitis accusantium magnam velit veniam esse voluptatum vero cum. Similique pariatur incidunt iste repudiandae quis excepturi architecto.'
>>> f.text()
'Amet numquam sunt laborum provident illo consequatur in. Aspernatur corporis esse sapiente excepturi debitis. Iste quis quae quam vero magni. Eaque provident rerum fugit eos quis dicta.'
>>> f.text()
'Architecto hic reiciendis porro minima suscipit repellendus. Sunt sit aliquam quos natus eius. Numquam pariatur earum nostrum eveniet fugiat labore.'
>>> f.text()
'Eveniet quod nihil tempore vitae. Dicta alias maiores reiciendis fuga debitis neque laborum. Iste ipsum sit aliquam amet repudiandae. Ad reprehenderit porro cum aliquid assumenda mollitia.'
>>> f.text()
'Sit quae nam ullam. Magni libero sunt voluptas beatae ut nesciunt. Reprehenderit adipisci placeat quo reprehenderit modi illo quibusdam.'
>>> f.text()
'Nam accusantium culpa natus sit. Repudiandae totam temporibus nostrum at error. Saepe asperiores ab repellendus reiciendis.'
>>> f.text()
'Numquam dolores aliquam vitae cumque ratione dolorem optio nulla. Facilis similique hic suscipit maiores cumque ea atque totam. Tenetur ratione officiis laudantium.'
>>> f.text()
'Culpa odio dolore nemo necessitatibus. Voluptate quas facere iure expedita.'>>> dir(f)
['_Generator__config', '_Generator__format_token', '__class__', '__delattr__', '__dict__', '__dir__', '__doc__', '__eq__', '__format__', '__ge__', '__getattribute__', '__gt__', '__hash__', '__init__', '__le__', '__lt__', '__module__', '__ne__', '__new__', '__reduce__', '__reduce_ex__', '__repr__', '__setattr__', '__sizeof__', '__str__', '__subclasshook__', '__weakref__', 'add_provider', 'address', 'am_pm', 'binary', 'boolean', 'bothify', 'bs', 'building_number', 'catch_phrase', 'century', 'chrome', 'city', 'city_prefix', 'city_suffix', 'color_name', 'company', 'company_email', 'company_suffix', 'country', 'country_code', 'credit_card_expire', 'credit_card_full', 'credit_card_number', 'credit_card_provider', 'credit_card_security_code', 'cryptocurrency_code', 'currency_code', 'date', 'date_object', 'date_time', 'date_time_ad', 'date_time_between', 'date_time_between_dates', 'date_time_this_century', 'date_time_this_decade', 'date_time_this_month', 'date_time_this_year', 'day_of_month', 'day_of_week', 'domain_name', 'domain_word', 'ean', 'ean13', 'ean8', 'email', 'file_extension', 'file_name', 'file_path', 'firefox', 'first_name', 'first_name_female', 'first_name_male', 'format', 'free_email', 'free_email_domain', 'future_date', 'future_datetime', 'geo_coordinate', 'get_formatter', 'get_providers', 'hex_color', 'image_url', 'internet_explorer', 'ipv4', 'ipv6', 'isbn10', 'isbn13', 'iso8601', 'job', 'language_code', 'last_name', 'last_name_female', 'last_name_male', 'latitude', 'lexify', 'license_plate', 'linux_platform_token', 'linux_processor', 'locale', 'longitude', 'mac_address', 'mac_platform_token', 'mac_processor', 'md5', 'military_apo', 'military_dpo', 'military_ship', 'military_state', 'mime_type', 'month', 'month_name', 'name', 'name_female', 'name_male', 'null_boolean', 'numerify', 'opera', 'paragraph', 'paragraphs', 'parse', 'password', 'past_date', 'past_datetime', 'phone_number', 'postalcode', 'postalcode_plus4', 'postcode', 'prefix', 'prefix_female', 'prefix_male', 'profile', 'provider', 'providers', 'pybool', 'pydecimal', 'pydict', 'pyfloat', 'pyint', 'pyiterable', 'pylist', 'pyset', 'pystr', 'pystruct', 'pytuple', 'random', 'random_digit', 'random_digit_not_null', 'random_digit_not_null_or_empty', 'random_digit_or_empty', 'random_element', 'random_int', 'random_letter', 'random_number', 'random_sample', 'random_sample_unique', 'randomize_nb_elements', 'rgb_color', 'rgb_css_color', 'safari', 'safe_color_name', 'safe_email', 'safe_hex_color', 'secondary_address', 'seed', 'sentence', 'sentences', 'set_formatter', 'sha1', 'sha256', 'simple_profile', 'slug', 'ssn', 'state', 'state_abbr', 'street_address', 'street_name', 'street_suffix', 'suffix', 'suffix_female', 'suffix_male', 'text', 'time', 'time_delta', 'time_object', 'timezone', 'tld', 'unix_time', 'uri', 'uri_extension', 'uri_page', 'uri_path', 'url', 'user_agent', 'user_name', 'uuid4', 'windows_platform_token', 'word', 'words', 'year', 'zipcode', 'zipcode_plus4']
>>> f.text()
'Corporis quod iusto quaerat blanditiis sunt. Tenetur consectetur officia voluptatibus deleniti quam quisquam. Aperiam rem commodi veniam labore magnam.'
>>> f.text()
'Perferendis consequuntur officiis incidunt quae placeat sint porro. Provident incidunt possimus explicabo sit optio. Quam beatae officiis aliquid. Dignissimos debitis eaque veniam mollitia.'
>>> f.text()
'Itaque tempore debitis minima totam ex. Nobis sapiente cumque repellendus. Porro nemo blanditiis impedit quam. Esse voluptatibus nostrum error veniam.'
>>> f.text()
'Asperiores excepturi laudantium expedita odio odit. Odit quos magni enim amet distinctio tempore omnis nesciunt. Dicta sint inventore quo alias. Ex laboriosam beatae esse quas aut labore.'
>>> f.text()
'Adipisci labore quam eos eius ratione eum ipsa. Maxime quos maiores earum necessitatibus quaerat eaque harum. Aperiam corrupti odio ullam ex nisi. Natus velit alias placeat veniam culpa odit quis.'
>>> f.text()
'Optio veniam commodi laborum est quam. Debitis accusantium magnam velit veniam esse voluptatum vero cum. Similique pariatur incidunt iste repudiandae quis excepturi architecto.'
>>> f.text()
'Amet numquam sunt laborum provident illo consequatur in. Aspernatur corporis esse sapiente excepturi debitis. Iste quis quae quam vero magni. Eaque provident rerum fugit eos quis dicta.'
>>> f.text()
'Architecto hic reiciendis porro minima suscipit repellendus. Sunt sit aliquam quos natus eius. Numquam pariatur earum nostrum eveniet fugiat labore.'
>>> f.text()
'Eveniet quod nihil tempore vitae. Dicta alias maiores reiciendis fuga debitis neque laborum. Iste ipsum sit aliquam amet repudiandae. Ad reprehenderit porro cum aliquid assumenda mollitia.'
>>> f.text()
'Sit quae nam ullam. Magni libero sunt voluptas beatae ut nesciunt. Reprehenderit adipisci placeat quo reprehenderit modi illo quibusdam.'
>>> f.text()
'Nam accusantium culpa natus sit. Repudiandae totam temporibus nostrum at error. Saepe asperiores ab repellendus reiciendis.'
>>> f.text()
'Numquam dolores aliquam vitae cumque ratione dolorem optio nulla. Facilis similique hic suscipit maiores cumque ea atque totam. Tenetur ratione officiis laudantium.'
>>> f.text()
'Culpa odio dolore nemo necessitatibus. Voluptate quas facere iure expedita.'>>> dir(f)
['_Generator__config', '_Generator__format_token', '__class__', '__delattr__', '__dict__', '__dir__', '__doc__', '__eq__', '__format__', '__ge__', '__getattribute__', '__gt__', '__hash__', '__init__', '__le__', '__lt__', '__module__', '__ne__', '__new__', '__reduce__', '__reduce_ex__', '__repr__', '__setattr__', '__sizeof__', '__str__', '__subclasshook__', '__weakref__', 'add_provider', 'address', 'am_pm', 'binary', 'boolean', 'bothify', 'bs', 'building_number', 'catch_phrase', 'century', 'chrome', 'city', 'city_prefix', 'city_suffix', 'color_name', 'company', 'company_email', 'company_suffix', 'country', 'country_code', 'credit_card_expire', 'credit_card_full', 'credit_card_number', 'credit_card_provider', 'credit_card_security_code', 'cryptocurrency_code', 'currency_code', 'date', 'date_object', 'date_time', 'date_time_ad', 'date_time_between', 'date_time_between_dates', 'date_time_this_century', 'date_time_this_decade', 'date_time_this_month', 'date_time_this_year', 'day_of_month', 'day_of_week', 'domain_name', 'domain_word', 'ean', 'ean13', 'ean8', 'email', 'file_extension', 'file_name', 'file_path', 'firefox', 'first_name', 'first_name_female', 'first_name_male', 'format', 'free_email', 'free_email_domain', 'future_date', 'future_datetime', 'geo_coordinate', 'get_formatter', 'get_providers', 'hex_color', 'image_url', 'internet_explorer', 'ipv4', 'ipv6', 'isbn10', 'isbn13', 'iso8601', 'job', 'language_code', 'last_name', 'last_name_female', 'last_name_male', 'latitude', 'lexify', 'license_plate', 'linux_platform_token', 'linux_processor', 'locale', 'longitude', 'mac_address', 'mac_platform_token', 'mac_processor', 'md5', 'military_apo', 'military_dpo', 'military_ship', 'military_state', 'mime_type', 'month', 'month_name', 'name', 'name_female', 'name_male', 'null_boolean', 'numerify', 'opera', 'paragraph', 'paragraphs', 'parse', 'password', 'past_date', 'past_datetime', 'phone_number', 'postalcode', 'postalcode_plus4', 'postcode', 'prefix', 'prefix_female', 'prefix_male', 'profile', 'provider', 'providers', 'pybool', 'pydecimal', 'pydict', 'pyfloat', 'pyint', 'pyiterable', 'pylist', 'pyset', 'pystr', 'pystruct', 'pytuple', 'random', 'random_digit', 'random_digit_not_null', 'random_digit_not_null_or_empty', 'random_digit_or_empty', 'random_element', 'random_int', 'random_letter', 'random_number', 'random_sample', 'random_sample_unique', 'randomize_nb_elements', 'rgb_color', 'rgb_css_color', 'safari', 'safe_color_name', 'safe_email', 'safe_hex_color', 'secondary_address', 'seed', 'sentence', 'sentences', 'set_formatter', 'sha1', 'sha256', 'simple_profile', 'slug', 'ssn', 'state', 'state_abbr', 'street_address', 'street_name', 'street_suffix', 'suffix', 'suffix_female', 'suffix_male', 'text', 'time', 'time_delta', 'time_object', 'timezone', 'tld', 'unix_time', 'uri', 'uri_extension', 'uri_page', 'uri_path', 'url', 'user_agent', 'user_name', 'uuid4', 'windows_platform_token', 'word', 'words', 'year', 'zipcode', 'zipcode_plus4']
>>> f.text()
'Corporis quod iusto quaerat blanditiis sunt. Tenetur consectetur officia voluptatibus deleniti quam quisquam. Aperiam rem commodi veniam labore magnam.'
>>> f.text()
'Perferendis consequuntur officiis incidunt quae placeat sint porro. Provident incidunt possimus explicabo sit optio. Quam beatae officiis aliquid. Dignissimos debitis eaque veniam mollitia.'
>>> f.text()
'Itaque tempore debitis minima totam ex. Nobis sapiente cumque repellendus. Porro nemo blanditiis impedit quam. Esse voluptatibus nostrum error veniam.'
>>> f.text()
'Asperiores excepturi laudantium expedita odio odit. Odit quos magni enim amet distinctio tempore omnis nesciunt. Dicta sint inventore quo alias. Ex laboriosam beatae esse quas aut labore.'
>>> f.text()
'Adipisci labore quam eos eius ratione eum ipsa. Maxime quos maiores earum necessitatibus quaerat eaque harum. Aperiam corrupti odio ullam ex nisi. Natus velit alias placeat veniam culpa odit quis.'
>>> f.text()
'Optio veniam commodi laborum est quam. Debitis accusantium magnam velit veniam esse voluptatum vero cum. Similique pariatur incidunt iste repudiandae quis excepturi architecto.'
>>> f.text()
'Amet numquam sunt laborum provident illo consequatur in. Aspernatur corporis esse sapiente excepturi debitis. Iste quis quae quam vero magni. Eaque provident rerum fugit eos quis dicta.'
>>> f.text()
'Architecto hic reiciendis porro minima suscipit repellendus. Sunt sit aliquam quos natus eius. Numquam pariatur earum nostrum eveniet fugiat labore.'
>>> f.text()
'Eveniet quod nihil tempore vitae. Dicta alias maiores reiciendis fuga debitis neque laborum. Iste ipsum sit aliquam amet repudiandae. Ad reprehenderit porro cum aliquid assumenda mollitia.'
>>> f.text()
'Sit quae nam ullam. Magni libero sunt voluptas beatae ut nesciunt. Reprehenderit adipisci placeat quo reprehenderit modi illo quibusdam.'
>>> f.text()
'Nam accusantium culpa natus sit. Repudiandae totam temporibus nostrum at error. Saepe asperiores ab repellendus reiciendis.'
>>> f.text()
'Numquam dolores aliquam vitae cumque ratione dolorem optio nulla. Facilis similique hic suscipit maiores cumque ea atque totam. Tenetur ratione officiis laudantium.'
>>> f.text()
'Culpa odio dolore nemo necessitatibus. Voluptate quas facere iure expedita.'